Exact complexity-band/tier leaders 226
Leader evaluation complete
Additional confidence-compatible candidates 2308
Exact additional 0 / 2308
Exact additional 100 / 2308
Exact additional 200 / 2308
Exact additional 300 / 2308
Exact additional 400 / 2308
Exact additional 500 / 2308
Exact additional 600 / 2308
Exact additional 700 / 2308
Exact additional 800 / 2308
Exact additional 900 / 2308
Exact additional 1000 / 2308
Exact additional 1100 / 2308
Exact additional 1200 / 2308
Exact additional 1300 / 2308
Exact additional 1400 / 2308
Exact additional 1500 / 2308
Exact additional 1600 / 2308
Exact additional 1700 / 2308
Exact additional 1800 / 2308
Exact additional 1900 / 2308
Exact additional 2000 / 2308
Exact additional 2100 / 2308
Exact additional 2200 / 2308
Exact additional 2300 / 2308
Exact evaluation complete
